#-----------------------------------------------------------
# Vivado v2021.2 (64-bit)
# SW Build 3367213 on Tue Oct 19 02:48:09 MDT 2021
# IP Build 3369179 on Thu Oct 21 08:25:16 MDT 2021
# Start of session at: Tue Jun  7 10:13:22 2022
# Process ID: 15444
# Current directory: C:/Users/User/Desktop/Anstek Training/LAB2/Basys
# Command line: vivado.exe -gui_launcher_event rodinguilauncherevent4472 C:\Users\User\Desktop\Anstek Training\LAB2\Basys\Basys.xpr
# Log file: C:/Users/User/Desktop/Anstek Training/LAB2/Basys/vivado.log
# Journal file: C:/Users/User/Desktop/Anstek Training/LAB2/Basys\vivado.jou
# Running On: DESKTOP-3V7T5K9, OS: Windows, CPU Frequency: 2808 MHz, CPU Physical cores: 2, Host memory: 16550 MB
#-----------------------------------------------------------
start_gui
open_project {C:/Users/User/Desktop/Anstek Training/LAB2/Basys/Basys.xpr}
update_compile_order -fileset sources_1
open_run synth_19 -name synth_19
reset_run synth_19
export_ip_user_files -of_objects  [get_files {{C:/Users/User/Desktop/Anstek Training/LAB2/Basys/Basys.srcs/utils_1/imports/synth_19/seg_led.dcp}}] -no_script -reset -force -quiet
remove_files  -fileset utils_1 {{C:/Users/User/Desktop/Anstek Training/LAB2/Basys/Basys.srcs/utils_1/imports/synth_19/seg_led.dcp}}
launch_runs impl_1 -to_step write_bitstream -jobs 4
wait_on_run impl_1
close_design
open_hw_manager
connect_hw_server -allow_non_jtag
open_hw_target
set_property PROGRAM.FILE {C:/Users/User/Desktop/Anstek Training/LAB2/Basys/Basys.runs/impl_1/seg_led.bit} [get_hw_devices xc7a35t_0]
current_hw_device [get_hw_devices xc7a35t_0]
refresh_hw_device -update_hw_probes false [lindex [get_hw_devices xc7a35t_0] 0]
set_property PROBES.FILE {} [get_hw_devices xc7a35t_0]
set_property FULL_PROBES.FILE {} [get_hw_devices xc7a35t_0]
set_property PROGRAM.FILE {C:/Users/User/Desktop/Anstek Training/LAB2/Basys/Basys.runs/impl_1/seg_led.bit} [get_hw_devices xc7a35t_0]
program_hw_devices [get_hw_devices xc7a35t_0]
refresh_hw_device [lindex [get_hw_devices xc7a35t_0] 0]
reset_run synth_19
export_ip_user_files -of_objects  [get_files {{C:/Users/User/Desktop/Anstek Training/LAB2/Basys/Basys.srcs/utils_1/imports/synth_19/seg_led.dcp}}] -no_script -reset -force -quiet
remove_files  -fileset utils_1 {{C:/Users/User/Desktop/Anstek Training/LAB2/Basys/Basys.srcs/utils_1/imports/synth_19/seg_led.dcp}}
file delete -force {C:/Users/User/Desktop/Anstek Training/LAB2/Basys/Basys.srcs/utils_1/imports/synth_19/seg_led.dcp}
launch_runs impl_1 -to_step write_bitstream -jobs 4
wait_on_run impl_1
set_property PROBES.FILE {} [get_hw_devices xc7a35t_0]
set_property FULL_PROBES.FILE {} [get_hw_devices xc7a35t_0]
set_property PROGRAM.FILE {C:/Users/User/Desktop/Anstek Training/LAB2/Basys/Basys.runs/impl_1/seg_led.bit} [get_hw_devices xc7a35t_0]
program_hw_devices [get_hw_devices xc7a35t_0]
refresh_hw_device [lindex [get_hw_devices xc7a35t_0] 0]
reset_run synth_19
export_ip_user_files -of_objects  [get_files {{C:/Users/User/Desktop/Anstek Training/LAB2/Basys/Basys.srcs/utils_1/imports/synth_19/seg_led.dcp}}] -no_script -reset -force -quiet
remove_files  -fileset utils_1 {{C:/Users/User/Desktop/Anstek Training/LAB2/Basys/Basys.srcs/utils_1/imports/synth_19/seg_led.dcp}}
file delete -force {C:/Users/User/Desktop/Anstek Training/LAB2/Basys/Basys.srcs/utils_1/imports/synth_19/seg_led.dcp}
launch_runs impl_1 -to_step write_bitstream -jobs 4
wait_on_run impl_1
set_property PROBES.FILE {} [get_hw_devices xc7a35t_0]
set_property FULL_PROBES.FILE {} [get_hw_devices xc7a35t_0]
set_property PROGRAM.FILE {C:/Users/User/Desktop/Anstek Training/LAB2/Basys/Basys.runs/impl_1/seg_led.bit} [get_hw_devices xc7a35t_0]
program_hw_devices [get_hw_devices xc7a35t_0]
refresh_hw_device [lindex [get_hw_devices xc7a35t_0] 0]
reset_run synth_19
export_ip_user_files -of_objects  [get_files {{C:/Users/User/Desktop/Anstek Training/LAB2/Basys/Basys.srcs/utils_1/imports/synth_19/seg_led.dcp}}] -no_script -reset -force -quiet
remove_files  -fileset utils_1 {{C:/Users/User/Desktop/Anstek Training/LAB2/Basys/Basys.srcs/utils_1/imports/synth_19/seg_led.dcp}}
file delete -force {C:/Users/User/Desktop/Anstek Training/LAB2/Basys/Basys.srcs/utils_1/imports/synth_19/seg_led.dcp}
launch_runs impl_1 -to_step write_bitstream -jobs 4
wait_on_run impl_1
set_property PROBES.FILE {} [get_hw_devices xc7a35t_0]
set_property FULL_PROBES.FILE {} [get_hw_devices xc7a35t_0]
set_property PROGRAM.FILE {C:/Users/User/Desktop/Anstek Training/LAB2/Basys/Basys.runs/impl_1/seg_led.bit} [get_hw_devices xc7a35t_0]
program_hw_devices [get_hw_devices xc7a35t_0]
refresh_hw_device [lindex [get_hw_devices xc7a35t_0] 0]
reset_run synth_19
export_ip_user_files -of_objects  [get_files {{C:/Users/User/Desktop/Anstek Training/LAB2/Basys/Basys.srcs/utils_1/imports/synth_19/seg_led.dcp}}] -no_script -reset -force -quiet
remove_files  -fileset utils_1 {{C:/Users/User/Desktop/Anstek Training/LAB2/Basys/Basys.srcs/utils_1/imports/synth_19/seg_led.dcp}}
file delete -force {C:/Users/User/Desktop/Anstek Training/LAB2/Basys/Basys.srcs/utils_1/imports/synth_19/seg_led.dcp}
launch_runs impl_1 -to_step write_bitstream -jobs 4
wait_on_run impl_1
set_property PROBES.FILE {} [get_hw_devices xc7a35t_0]
set_property FULL_PROBES.FILE {} [get_hw_devices xc7a35t_0]
set_property PROGRAM.FILE {C:/Users/User/Desktop/Anstek Training/LAB2/Basys/Basys.runs/impl_1/seg_led.bit} [get_hw_devices xc7a35t_0]
program_hw_devices [get_hw_devices xc7a35t_0]
refresh_hw_device [lindex [get_hw_devices xc7a35t_0] 0]
reset_run synth_19
export_ip_user_files -of_objects  [get_files {{C:/Users/User/Desktop/Anstek Training/LAB2/Basys/Basys.srcs/utils_1/imports/synth_19/seg_led.dcp}}] -no_script -reset -force -quiet
remove_files  -fileset utils_1 {{C:/Users/User/Desktop/Anstek Training/LAB2/Basys/Basys.srcs/utils_1/imports/synth_19/seg_led.dcp}}
file delete -force {C:/Users/User/Desktop/Anstek Training/LAB2/Basys/Basys.srcs/utils_1/imports/synth_19/seg_led.dcp}
launch_runs impl_1 -to_step write_bitstream -jobs 4
wait_on_run impl_1
set_property PROBES.FILE {} [get_hw_devices xc7a35t_0]
set_property FULL_PROBES.FILE {} [get_hw_devices xc7a35t_0]
set_property PROGRAM.FILE {C:/Users/User/Desktop/Anstek Training/LAB2/Basys/Basys.runs/impl_1/seg_led.bit} [get_hw_devices xc7a35t_0]
program_hw_devices [get_hw_devices xc7a35t_0]
refresh_hw_device [lindex [get_hw_devices xc7a35t_0] 0]
reset_run synth_19
export_ip_user_files -of_objects  [get_files {{C:/Users/User/Desktop/Anstek Training/LAB2/Basys/Basys.srcs/utils_1/imports/synth_19/seg_led.dcp}}] -no_script -reset -force -quiet
remove_files  -fileset utils_1 {{C:/Users/User/Desktop/Anstek Training/LAB2/Basys/Basys.srcs/utils_1/imports/synth_19/seg_led.dcp}}
file delete -force {C:/Users/User/Desktop/Anstek Training/LAB2/Basys/Basys.srcs/utils_1/imports/synth_19/seg_led.dcp}
launch_runs impl_1 -to_step write_bitstream -jobs 4
wait_on_run impl_1
set_property PROBES.FILE {} [get_hw_devices xc7a35t_0]
set_property FULL_PROBES.FILE {} [get_hw_devices xc7a35t_0]
set_property PROGRAM.FILE {C:/Users/User/Desktop/Anstek Training/LAB2/Basys/Basys.runs/impl_1/seg_led.bit} [get_hw_devices xc7a35t_0]
program_hw_devices [get_hw_devices xc7a35t_0]
refresh_hw_device [lindex [get_hw_devices xc7a35t_0] 0]
reset_run synth_19
export_ip_user_files -of_objects  [get_files {{C:/Users/User/Desktop/Anstek Training/LAB2/Basys/Basys.srcs/utils_1/imports/synth_19/seg_led.dcp}}] -no_script -reset -force -quiet
remove_files  -fileset utils_1 {{C:/Users/User/Desktop/Anstek Training/LAB2/Basys/Basys.srcs/utils_1/imports/synth_19/seg_led.dcp}}
file delete -force {C:/Users/User/Desktop/Anstek Training/LAB2/Basys/Basys.srcs/utils_1/imports/synth_19/seg_led.dcp}
launch_runs impl_1 -to_step write_bitstream -jobs 4
wait_on_run impl_1
set_property PROBES.FILE {} [get_hw_devices xc7a35t_0]
set_property FULL_PROBES.FILE {} [get_hw_devices xc7a35t_0]
set_property PROGRAM.FILE {C:/Users/User/Desktop/Anstek Training/LAB2/Basys/Basys.runs/impl_1/seg_led.bit} [get_hw_devices xc7a35t_0]
program_hw_devices [get_hw_devices xc7a35t_0]
refresh_hw_device [lindex [get_hw_devices xc7a35t_0] 0]
reset_run synth_19
export_ip_user_files -of_objects  [get_files {{C:/Users/User/Desktop/Anstek Training/LAB2/Basys/Basys.srcs/utils_1/imports/synth_19/seg_led.dcp}}] -no_script -reset -force -quiet
remove_files  -fileset utils_1 {{C:/Users/User/Desktop/Anstek Training/LAB2/Basys/Basys.srcs/utils_1/imports/synth_19/seg_led.dcp}}
file delete -force {C:/Users/User/Desktop/Anstek Training/LAB2/Basys/Basys.srcs/utils_1/imports/synth_19/seg_led.dcp}
launch_runs impl_1 -to_step write_bitstream -jobs 4
wait_on_run impl_1
set_property PROBES.FILE {} [get_hw_devices xc7a35t_0]
set_property FULL_PROBES.FILE {} [get_hw_devices xc7a35t_0]
set_property PROGRAM.FILE {C:/Users/User/Desktop/Anstek Training/LAB2/Basys/Basys.runs/impl_1/seg_led.bit} [get_hw_devices xc7a35t_0]
program_hw_devices [get_hw_devices xc7a35t_0]
refresh_hw_device [lindex [get_hw_devices xc7a35t_0] 0]
reset_run synth_19
export_ip_user_files -of_objects  [get_files {{C:/Users/User/Desktop/Anstek Training/LAB2/Basys/Basys.srcs/utils_1/imports/synth_19/seg_led.dcp}}] -no_script -reset -force -quiet
remove_files  -fileset utils_1 {{C:/Users/User/Desktop/Anstek Training/LAB2/Basys/Basys.srcs/utils_1/imports/synth_19/seg_led.dcp}}
file delete -force {C:/Users/User/Desktop/Anstek Training/LAB2/Basys/Basys.srcs/utils_1/imports/synth_19/seg_led.dcp}
launch_runs impl_1 -to_step write_bitstream -jobs 4
wait_on_run impl_1
set_property PROBES.FILE {} [get_hw_devices xc7a35t_0]
set_property FULL_PROBES.FILE {} [get_hw_devices xc7a35t_0]
set_property PROGRAM.FILE {C:/Users/User/Desktop/Anstek Training/LAB2/Basys/Basys.runs/impl_1/seg_led.bit} [get_hw_devices xc7a35t_0]
program_hw_devices [get_hw_devices xc7a35t_0]
refresh_hw_device [lindex [get_hw_devices xc7a35t_0] 0]
close_hw_manager
close_project
