Copyright 1986-2021 Xilinx, Inc. All Rights Reserved.
---------------------------------------------------------------------------------------------------------------------------------------
| Tool Version : Vivado v.2021.1_AR000033086_AR000033086_AR000033086 (win64) Build 3247384 Thu Jun 10 19:36:33 MDT 2021
| Date         : Mon Oct 30 22:01:07 2023
| Host         : IBM-481 running 64-bit major release  (build 9200)
| Command      : report_drc -file design_1_wrapper_drc_opted.rpt -pb design_1_wrapper_drc_opted.pb -rpx design_1_wrapper_drc_opted.rpx
| Design       : design_1_wrapper
| Device       : xc7z020clg484-1
| Speed File   : -1
| Design State : Synthesized
---------------------------------------------------------------------------------------------------------------------------------------

Report DRC

Table of Contents
-----------------
1. REPORT SUMMARY
2. REPORT DETAILS

1. REPORT SUMMARY
-----------------
            Netlist: netlist
          Floorplan: design_1
      Design limits: <entire design considered>
           Ruledeck: default
             Max violations: <unlimited>
             Violations found: 3
+--------+----------+------------------+------------+
| Rule   | Severity | Description      | Violations |
+--------+----------+------------------+------------+
| DPIP-1 | Warning  | Input pipelining | 3          |
+--------+----------+------------------+------------+

2. REPORT DETAILS
-----------------
DPIP-1#1 Warning
Input pipelining  
DSP design_1_i/v_mix_0/inst/grp_VMixHlsDataFlowFunction_fu_609/v_mix_rgb2yuv_true_U0/grp_v_mix_rgb2yuv_true_Pipeline_VITIS_LOOP_1041_2_fu_86/mac_muladd_8ns_10ns_17ns_18_4_1_U428/design_1_v_mix_0_0_mac_muladd_8ns_10ns_17ns_18_4_1_DSP48_4_U/p_reg_reg input design_1_i/v_mix_0/inst/grp_VMixHlsDataFlowFunction_fu_609/v_mix_rgb2yuv_true_U0/grp_v_mix_rgb2yuv_true_Pipeline_VITIS_LOOP_1041_2_fu_86/mac_muladd_8ns_10ns_17ns_18_4_1_U428/design_1_v_mix_0_0_mac_muladd_8ns_10ns_17ns_18_4_1_DSP48_4_U/p_reg_reg/C[47:0] is not pipelined. Pipelining DSP48 input will improve performance.
Related violations: <none>

DPIP-1#2 Warning
Input pipelining  
DSP design_1_i/v_tpg_0/inst/grp_v_tpgHlsDataFlow_fu_319/tpgBackground_U0/grp_tpgBackground_Pipeline_VITIS_LOOP_521_2_fu_583/mac_muladd_16s_16s_16ns_16_4_1_U59/design_1_v_tpg_0_0_mac_muladd_16s_16s_16ns_16_4_1_DSP48_6_U/p_reg_reg input design_1_i/v_tpg_0/inst/grp_v_tpgHlsDataFlow_fu_319/tpgBackground_U0/grp_tpgBackground_Pipeline_VITIS_LOOP_521_2_fu_583/mac_muladd_16s_16s_16ns_16_4_1_U59/design_1_v_tpg_0_0_mac_muladd_16s_16s_16ns_16_4_1_DSP48_6_U/p_reg_reg/C[47:0] is not pipelined. Pipelining DSP48 input will improve performance.
Related violations: <none>

DPIP-1#3 Warning
Input pipelining  
DSP design_1_i/v_tpg_0/inst/grp_v_tpgHlsDataFlow_fu_319/tpgBackground_U0/grp_tpgBackground_Pipeline_VITIS_LOOP_521_2_fu_583/mac_muladd_8ns_8ns_15ns_16_4_1_U57/design_1_v_tpg_0_0_mac_muladd_8ns_8ns_15ns_16_4_1_DSP48_4_U/p_reg_reg input design_1_i/v_tpg_0/inst/grp_v_tpgHlsDataFlow_fu_319/tpgBackground_U0/grp_tpgBackground_Pipeline_VITIS_LOOP_521_2_fu_583/mac_muladd_8ns_8ns_15ns_16_4_1_U57/design_1_v_tpg_0_0_mac_muladd_8ns_8ns_15ns_16_4_1_DSP48_4_U/p_reg_reg/C[47:0] is not pipelined. Pipelining DSP48 input will improve performance.
Related violations: <none>


